// Jest Snapshot v1, https://goo.gl/fbAQLP

exports[`Auth screen given default props should render correctly 1`] = `
<View
  style={
    Object {
      "alignItems": "center",
      "flex": 1,
      "justifyContent": "center",
    }
  }
>
  <View
    accessible={true}
    focusable={true}
    onClick={[Function]}
    onResponderGrant={[Function]}
    onResponderMove={[Function]}
    onResponderRelease={[Function]}
    onResponderTerminate={[Function]}
    onResponderTerminationRequest={[Function]}
    onStartShouldSetResponder={[Function]}
    testID="AuthNavigation"
  >
    <View
      color="#0f62fe"
      style={
        Array [
          Object {
            "alignSelf": "center",
            "backgroundColor": "#0f62fe",
            "display": "flex",
            "height": 667,
            "justifyContent": "center",
            "opacity": 1,
            "width": 750,
          },
        ]
      }
    >
      <Text
        color="#FFF"
        style={
          Array [
            Object {
              "color": "#FFF",
              "fontSize": 48,
              "fontWeight": "bold",
              "textAlign": "center",
            },
          ]
        }
      >
        
      </Text>
    </View>
  </View>
</View>
`;
